---
source: crates/biome_js_analyze/tests/spec_tests.rs
expression: valid.ts
---
# Input
```js
/* should not generate diagnostics */

 let a: number;
 let b = 1
 var c : string;
 var d = "abn"

```


